WARNING:tensorflow:From C:\Users\wangz\Desktop\生物技术综述\experiments\revision_20261003_extension\.venv_cryocare\Lib\site-packages\keras\src\losses.py:2976: The name tf.losses.sparse_softmax_cross_entropy is deprecated. Please use tf.compat.v1.losses.sparse_softmax_cross_entropy instead.

Computing normalization parameters:
  0%|          | 0/32 [00:00<?, ?it/s] 50%|#####     | 16/32 [00:00<00:00, 158.12it/s]100%|##########| 32/32 [00:00<00:00, 194.81it/s]
WARNING:tensorflow:From C:\Users\wangz\Desktop\生物技术综述\experiments\revision_20261003_extension\.venv_cryocare\Lib\site-packages\keras\src\backend.py:1398: The name tf.executing_eagerly_outside_functions is deprecated. Please use tf.compat.v1.executing_eagerly_outside_functions instead.

0 1
1 64
2 64
3 64
4 1
Epoch 1/20

 1/20 [>.............................] - ETA: 54s - loss: 1.3834 - mse: 1.3834 - mae: 0.9364
 2/20 [==>...........................] - ETA: 12s - loss: 1.4111 - mse: 1.4111 - mae: 0.9453
 3/20 [===>..........................] - ETA: 11s - loss: 1.4420 - mse: 1.4420 - mae: 0.9553
 4/20 [=====>........................] - ETA: 10s - loss: 1.4514 - mse: 1.4514 - mae: 0.9583
 5/20 [======>.......................] - ETA: 10s - loss: 1.4204 - mse: 1.4204 - mae: 0.9474
 6/20 [========>.....................] - ETA: 9s - loss: 1.4185 - mse: 1.4185 - mae: 0.9469 
 7/20 [=========>....................] - ETA: 9s - loss: 1.3931 - mse: 1.3931 - mae: 0.9378
 8/20 [===========>..................] - ETA: 8s - loss: 1.3920 - mse: 1.3920 - mae: 0.9374
 9/20 [============>.................] - ETA: 7s - loss: 1.3785 - mse: 1.3785 - mae: 0.9329
10/20 [==============>...............] - ETA: 6s - loss: 1.3678 - mse: 1.3678 - mae: 0.9293
11/20 [===============>..............] - ETA: 6s - loss: 1.3594 - mse: 1.3594 - mae: 0.9264
12/20 [=================>............] - ETA: 5s - loss: 1.3539 - mse: 1.3539 - mae: 0.9245
13/20 [==================>...........] - ETA: 4s - loss: 1.3472 - mse: 1.3472 - mae: 0.9223
14/20 [====================>.........] - ETA: 4s - loss: 1.3428 - mse: 1.3428 - mae: 0.9208
15/20 [=====================>........] - ETA: 3s - loss: 1.3432 - mse: 1.3432 - mae: 0.9210
16/20 [=======================>......] - ETA: 2s - loss: 1.3390 - mse: 1.3390 - mae: 0.9195
17/20 [========================>.....] - ETA: 2s - loss: 1.3319 - mse: 1.3319 - mae: 0.9170
18/20 [==========================>...] - ETA: 1s - loss: 1.3249 - mse: 1.3249 - mae: 0.9145
19/20 [===========================>..] - ETA: 0s - loss: 1.3186 - mse: 1.3186 - mae: 0.9123
20/20 [==============================] - ETA: 0s - loss: 1.3106 - mse: 1.3106 - mae: 0.9095
20/20 [==============================] - 19s 832ms/step - loss: 1.3106 - mse: 1.3106 - mae: 0.9095 - val_loss: 1.1736 - val_mse: 1.1736 - val_mae: 0.8611 - lr: 4.0000e-04
Epoch 2/20

 1/20 [>.............................] - ETA: 12s - loss: 1.1327 - mse: 1.1327 - mae: 0.8457
 2/20 [==>...........................] - ETA: 11s - loss: 1.1268 - mse: 1.1268 - mae: 0.8436
 3/20 [===>..........................] - ETA: 11s - loss: 1.1161 - mse: 1.1161 - mae: 0.8397
 4/20 [=====>........................] - ETA: 10s - loss: 1.1524 - mse: 1.1524 - mae: 0.8529
 5/20 [======>.......................] - ETA: 9s - loss: 1.1256 - mse: 1.1256 - mae: 0.8428 
 6/20 [========>.....................] - ETA: 9s - loss: 1.1299 - mse: 1.1299 - mae: 0.8445
 7/20 [=========>....................] - ETA: 8s - loss: 1.1291 - mse: 1.1291 - mae: 0.8443
 8/20 [===========>..................] - ETA: 7s - loss: 1.1194 - mse: 1.1194 - mae: 0.8407
 9/20 [============>.................] - ETA: 7s - loss: 1.1134 - mse: 1.1134 - mae: 0.8386
10/20 [==============>...............] - ETA: 6s - loss: 1.0999 - mse: 1.0999 - mae: 0.8334
11/20 [===============>..............] - ETA: 5s - loss: 1.0967 - mse: 1.0967 - mae: 0.8323
12/20 [=================>............] - ETA: 5s - loss: 1.0958 - mse: 1.0958 - mae: 0.8319
13/20 [==================>...........] - ETA: 4s - loss: 1.0904 - mse: 1.0904 - mae: 0.8299
14/20 [====================>.........] - ETA: 3s - loss: 1.0822 - mse: 1.0822 - mae: 0.8268
15/20 [=====================>........] - ETA: 3s - loss: 1.0671 - mse: 1.0671 - mae: 0.8200
16/20 [=======================>......] - ETA: 2s - loss: 1.0722 - mse: 1.0722 - mae: 0.8220
17/20 [========================>.....] - ETA: 1s - loss: 1.0707 - mse: 1.0707 - mae: 0.8216
18/20 [==========================>...] - ETA: 1s - loss: 1.0656 - mse: 1.0656 - mae: 0.8197
19/20 [===========================>..] - ETA: 0s - loss: 1.0614 - mse: 1.0614 - mae: 0.8181
20/20 [==============================] - ETA: 0s - loss: 1.0589 - mse: 1.0589 - mae: 0.8172
20/20 [==============================] - 15s 776ms/step - loss: 1.0589 - mse: 1.0589 - mae: 0.8172 - val_loss: 1.0283 - val_mse: 1.0283 - val_mae: 0.8062 - lr: 4.0000e-04
Epoch 3/20

 1/20 [>.............................] - ETA: 12s - loss: 1.0657 - mse: 1.0657 - mae: 0.8206
 2/20 [==>...........................] - ETA: 11s - loss: 0.9835 - mse: 0.9835 - mae: 0.7875
 3/20 [===>..........................] - ETA: 11s - loss: 0.9825 - mse: 0.9825 - mae: 0.7875
 4/20 [=====>........................] - ETA: 10s - loss: 0.9745 - mse: 0.9745 - mae: 0.7847
 5/20 [======>.......................] - ETA: 9s - loss: 0.9831 - mse: 0.9831 - mae: 0.7881 
 6/20 [========>.....................] - ETA: 9s - loss: 0.9883 - mse: 0.9883 - mae: 0.7903
 7/20 [=========>....................] - ETA: 8s - loss: 0.9866 - mse: 0.9866 - mae: 0.7897
 8/20 [===========>..................] - ETA: 7s - loss: 0.9819 - mse: 0.9819 - mae: 0.7880
 9/20 [============>.................] - ETA: 7s - loss: 0.9865 - mse: 0.9865 - mae: 0.7898
10/20 [==============>...............] - ETA: 6s - loss: 0.9806 - mse: 0.9806 - mae: 0.7875
11/20 [===============>..............] - ETA: 5s - loss: 0.9698 - mse: 0.9698 - mae: 0.7830
12/20 [=================>............] - ETA: 5s - loss: 0.9663 - mse: 0.9663 - mae: 0.7816
13/20 [==================>...........] - ETA: 4s - loss: 0.9696 - mse: 0.9696 - mae: 0.7830
14/20 [====================>.........] - ETA: 3s - loss: 0.9641 - mse: 0.9641 - mae: 0.7807
15/20 [=====================>........] - ETA: 3s - loss: 0.9646 - mse: 0.9646 - mae: 0.7810
16/20 [=======================>......] - ETA: 2s - loss: 0.9622 - mse: 0.9622 - mae: 0.7800
17/20 [========================>.....] - ETA: 1s - loss: 0.9637 - mse: 0.9637 - mae: 0.7807
18/20 [==========================>...] - ETA: 1s - loss: 0.9679 - mse: 0.9679 - mae: 0.7823
19/20 [===========================>..] - ETA: 0s - loss: 0.9633 - mse: 0.9633 - mae: 0.7803
20/20 [==============================] - ETA: 0s - loss: 0.9622 - mse: 0.9622 - mae: 0.7799
20/20 [==============================] - 15s 780ms/step - loss: 0.9622 - mse: 0.9622 - mae: 0.7799 - val_loss: 0.9791 - val_mse: 0.9791 - val_mae: 0.7869 - lr: 4.0000e-04
Epoch 4/20

 1/20 [>.............................] - ETA: 12s - loss: 0.9912 - mse: 0.9912 - mae: 0.7914
 2/20 [==>...........................] - ETA: 11s - loss: 0.9556 - mse: 0.9556 - mae: 0.7775
 3/20 [===>..........................] - ETA: 11s - loss: 0.9472 - mse: 0.9472 - mae: 0.7742
 4/20 [=====>........................] - ETA: 10s - loss: 0.9254 - mse: 0.9254 - mae: 0.7651
 5/20 [======>.......................] - ETA: 10s - loss: 0.9234 - mse: 0.9234 - mae: 0.7645
 6/20 [========>.....................] - ETA: 9s - loss: 0.9177 - mse: 0.9177 - mae: 0.7621 
 7/20 [=========>....................] - ETA: 8s - loss: 0.9235 - mse: 0.9235 - mae: 0.7645
 8/20 [===========>..................] - ETA: 8s - loss: 0.9159 - mse: 0.9159 - mae: 0.7612
 9/20 [============>.................] - ETA: 7s - loss: 0.9333 - mse: 0.9333 - mae: 0.7659
10/20 [==============>...............] - ETA: 6s - loss: 0.9324 - mse: 0.9324 - mae: 0.7659
11/20 [===============>..............] - ETA: 6s - loss: 0.9285 - mse: 0.9285 - mae: 0.7646
12/20 [=================>............] - ETA: 5s - loss: 0.9239 - mse: 0.9239 - mae: 0.7628
13/20 [==================>...........] - ETA: 4s - loss: 0.9175 - mse: 0.9175 - mae: 0.7603
14/20 [====================>.........] - ETA: 4s - loss: 0.9149 - mse: 0.9149 - mae: 0.7591
15/20 [=====================>........] - ETA: 3s - loss: 0.9118 - mse: 0.9118 - mae: 0.7580
16/20 [=======================>......] - ETA: 2s - loss: 0.9184 - mse: 0.9184 - mae: 0.7607
17/20 [========================>.....] - ETA: 2s - loss: 0.9150 - mse: 0.9150 - mae: 0.7595
18/20 [==========================>...] - ETA: 1s - loss: 0.9166 - mse: 0.9166 - mae: 0.7601
19/20 [===========================>..] - ETA: 0s - loss: 0.9153 - mse: 0.9153 - mae: 0.7596
20/20 [==============================] - ETA: 0s - loss: 0.9181 - mse: 0.9181 - mae: 0.7608
20/20 [==============================] - 16s 812ms/step - loss: 0.9181 - mse: 0.9181 - mae: 0.7608 - val_loss: 0.9651 - val_mse: 0.9651 - val_mae: 0.7815 - lr: 4.0000e-04
Epoch 5/20

 1/20 [>.............................] - ETA: 13s - loss: 0.9706 - mse: 0.9706 - mae: 0.7845
 2/20 [==>...........................] - ETA: 12s - loss: 0.9298 - mse: 0.9298 - mae: 0.7671
 3/20 [===>..........................] - ETA: 11s - loss: 0.9552 - mse: 0.9552 - mae: 0.7773
 4/20 [=====>........................] - ETA: 11s - loss: 0.9498 - mse: 0.9498 - mae: 0.7752
 5/20 [======>.......................] - ETA: 10s - loss: 0.9382 - mse: 0.9382 - mae: 0.7706
 6/20 [========>.....................] - ETA: 9s - loss: 0.9299 - mse: 0.9299 - mae: 0.7672 
 7/20 [=========>....................] - ETA: 9s - loss: 0.9258 - mse: 0.9258 - mae: 0.7654
 8/20 [===========>..................] - ETA: 8s - loss: 0.9309 - mse: 0.9309 - mae: 0.7676
 9/20 [============>.................] - ETA: 7s - loss: 0.9308 - mse: 0.9308 - mae: 0.7676
10/20 [==============>...............] - ETA: 6s - loss: 0.9274 - mse: 0.9274 - mae: 0.7662
11/20 [===============>..............] - ETA: 6s - loss: 0.9264 - mse: 0.9264 - mae: 0.7658
12/20 [=================>............] - ETA: 5s - loss: 0.9201 - mse: 0.9201 - mae: 0.7631
13/20 [==================>...........] - ETA: 4s - loss: 0.9202 - mse: 0.9202 - mae: 0.7631
14/20 [====================>.........] - ETA: 4s - loss: 0.9215 - mse: 0.9215 - mae: 0.7636
15/20 [=====================>........] - ETA: 3s - loss: 0.9184 - mse: 0.9184 - mae: 0.7623
16/20 [=======================>......] - ETA: 2s - loss: 0.9169 - mse: 0.9169 - mae: 0.7617
17/20 [========================>.....] - ETA: 2s - loss: 0.9172 - mse: 0.9172 - mae: 0.7618
18/20 [==========================>...] - ETA: 1s - loss: 0.9149 - mse: 0.9149 - mae: 0.7608
19/20 [===========================>..] - ETA: 0s - loss: 0.9161 - mse: 0.9161 - mae: 0.7614
20/20 [==============================] - ETA: 0s - loss: 0.9142 - mse: 0.9142 - mae: 0.7606
20/20 [==============================] - 16s 785ms/step - loss: 0.9142 - mse: 0.9142 - mae: 0.7606 - val_loss: 0.9543 - val_mse: 0.9543 - val_mae: 0.7772 - lr: 4.0000e-04
Epoch 6/20

 1/20 [>.............................] - ETA: 11s - loss: 0.9003 - mse: 0.9003 - mae: 0.7548
 2/20 [==>...........................] - ETA: 11s - loss: 0.9007 - mse: 0.9007 - mae: 0.7552
 3/20 [===>..........................] - ETA: 10s - loss: 0.8982 - mse: 0.8982 - mae: 0.7544
 4/20 [=====>........................] - ETA: 9s - loss: 0.9061 - mse: 0.9061 - mae: 0.7577 
 5/20 [======>.......................] - ETA: 9s - loss: 0.9240 - mse: 0.9240 - mae: 0.7650
 6/20 [========>.....................] - ETA: 8s - loss: 0.9191 - mse: 0.9191 - mae: 0.7629
 7/20 [=========>....................] - ETA: 8s - loss: 0.9232 - mse: 0.9232 - mae: 0.7645
 8/20 [===========>..................] - ETA: 7s - loss: 0.9302 - mse: 0.9302 - mae: 0.7674
 9/20 [============>.................] - ETA: 6s - loss: 0.9232 - mse: 0.9232 - mae: 0.7645
10/20 [==============>...............] - ETA: 6s - loss: 0.9238 - mse: 0.9238 - mae: 0.7648
11/20 [===============>..............] - ETA: 5s - loss: 0.9308 - mse: 0.9308 - mae: 0.7676
12/20 [=================>............] - ETA: 4s - loss: 0.9239 - mse: 0.9239 - mae: 0.7645
13/20 [==================>...........] - ETA: 4s - loss: 0.9227 - mse: 0.9227 - mae: 0.7641
14/20 [====================>.........] - ETA: 3s - loss: 0.9181 - mse: 0.9181 - mae: 0.7622
15/20 [=====================>........] - ETA: 3s - loss: 0.9163 - mse: 0.9163 - mae: 0.7615
16/20 [=======================>......] - ETA: 2s - loss: 0.9194 - mse: 0.9194 - mae: 0.7627
17/20 [========================>.....] - ETA: 1s - loss: 0.9134 - mse: 0.9134 - mae: 0.7602
18/20 [==========================>...] - ETA: 1s - loss: 0.9161 - mse: 0.9161 - mae: 0.7613
19/20 [===========================>..] - ETA: 0s - loss: 0.9206 - mse: 0.9206 - mae: 0.7625
20/20 [==============================] - ETA: 0s - loss: 0.9190 - mse: 0.9190 - mae: 0.7619
20/20 [==============================] - 15s 749ms/step - loss: 0.9190 - mse: 0.9190 - mae: 0.7619 - val_loss: 0.9467 - val_mse: 0.9467 - val_mae: 0.7741 - lr: 4.0000e-04
Epoch 7/20

 1/20 [>.............................] - ETA: 11s - loss: 0.9123 - mse: 0.9123 - mae: 0.7599
 2/20 [==>...........................] - ETA: 11s - loss: 0.9544 - mse: 0.9544 - mae: 0.7768
 3/20 [===>..........................] - ETA: 10s - loss: 0.9414 - mse: 0.9414 - mae: 0.7717
 4/20 [=====>........................] - ETA: 10s - loss: 0.9540 - mse: 0.9540 - mae: 0.7766
 5/20 [======>.......................] - ETA: 9s - loss: 0.9428 - mse: 0.9428 - mae: 0.7722 
 6/20 [========>.....................] - ETA: 8s - loss: 0.9374 - mse: 0.9374 - mae: 0.7701
 7/20 [=========>....................] - ETA: 8s - loss: 0.9294 - mse: 0.9294 - mae: 0.7669
 8/20 [===========>..................] - ETA: 7s - loss: 0.9334 - mse: 0.9334 - mae: 0.7686
 9/20 [============>.................] - ETA: 6s - loss: 0.9218 - mse: 0.9218 - mae: 0.7636
10/20 [==============>...............] - ETA: 6s - loss: 0.9213 - mse: 0.9213 - mae: 0.7635
11/20 [===============>..............] - ETA: 5s - loss: 0.9184 - mse: 0.9184 - mae: 0.7624
12/20 [=================>............] - ETA: 5s - loss: 0.9153 - mse: 0.9153 - mae: 0.7612
13/20 [==================>...........] - ETA: 4s - loss: 0.9130 - mse: 0.9130 - mae: 0.7603
14/20 [====================>.........] - ETA: 3s - loss: 0.9121 - mse: 0.9121 - mae: 0.7599
15/20 [=====================>........] - ETA: 3s - loss: 0.9105 - mse: 0.9105 - mae: 0.7593
16/20 [=======================>......] - ETA: 2s - loss: 0.9112 - mse: 0.9112 - mae: 0.7595
17/20 [========================>.....] - ETA: 1s - loss: 0.9079 - mse: 0.9079 - mae: 0.7581
18/20 [==========================>...] - ETA: 1s - loss: 0.9071 - mse: 0.9071 - mae: 0.7578
19/20 [===========================>..] - ETA: 0s - loss: 0.9052 - mse: 0.9052 - mae: 0.7571
20/20 [==============================] - ETA: 0s - loss: 0.9130 - mse: 0.9130 - mae: 0.7602
20/20 [==============================] - 15s 764ms/step - loss: 0.9130 - mse: 0.9130 - mae: 0.7602 - val_loss: 0.9439 - val_mse: 0.9439 - val_mae: 0.7729 - lr: 4.0000e-04
Epoch 8/20

 1/20 [>.............................] - ETA: 11s - loss: 0.8321 - mse: 0.8321 - mae: 0.7259
 2/20 [==>...........................] - ETA: 11s - loss: 0.8330 - mse: 0.8330 - mae: 0.7264
 3/20 [===>..........................] - ETA: 10s - loss: 0.8490 - mse: 0.8490 - mae: 0.7330
 4/20 [=====>........................] - ETA: 9s - loss: 0.8379 - mse: 0.8379 - mae: 0.7283 
 5/20 [======>.......................] - ETA: 9s - loss: 0.8560 - mse: 0.8560 - mae: 0.7359
 6/20 [========>.....................] - ETA: 8s - loss: 0.8843 - mse: 0.8843 - mae: 0.7474
 7/20 [=========>....................] - ETA: 8s - loss: 0.8985 - mse: 0.8985 - mae: 0.7532
 8/20 [===========>..................] - ETA: 7s - loss: 0.9033 - mse: 0.9033 - mae: 0.7554
 9/20 [============>.................] - ETA: 6s - loss: 0.9006 - mse: 0.9006 - mae: 0.7545
10/20 [==============>...............] - ETA: 6s - loss: 0.8952 - mse: 0.8952 - mae: 0.7522
11/20 [===============>..............] - ETA: 5s - loss: 0.8998 - mse: 0.8998 - mae: 0.7542
12/20 [=================>............] - ETA: 4s - loss: 0.9075 - mse: 0.9075 - mae: 0.7573
13/20 [==================>...........] - ETA: 4s - loss: 0.9026 - mse: 0.9026 - mae: 0.7554
14/20 [====================>.........] - ETA: 3s - loss: 0.9003 - mse: 0.9003 - mae: 0.7544
15/20 [=====================>........] - ETA: 3s - loss: 0.9020 - mse: 0.9020 - mae: 0.7552
16/20 [=======================>......] - ETA: 2s - loss: 0.9044 - mse: 0.9044 - mae: 0.7562
17/20 [========================>.....] - ETA: 1s - loss: 0.9066 - mse: 0.9066 - mae: 0.7572
18/20 [==========================>...] - ETA: 1s - loss: 0.9033 - mse: 0.9033 - mae: 0.7557
19/20 [===========================>..] - ETA: 0s - loss: 0.9092 - mse: 0.9092 - mae: 0.7573
20/20 [==============================] - ETA: 0s - loss: 0.9095 - mse: 0.9095 - mae: 0.7575
20/20 [==============================] - 15s 734ms/step - loss: 0.9095 - mse: 0.9095 - mae: 0.7575 - val_loss: 0.9400 - val_mse: 0.9400 - val_mae: 0.7714 - lr: 4.0000e-04
Epoch 9/20

 1/20 [>.............................] - ETA: 12s - loss: 0.9466 - mse: 0.9466 - mae: 0.7739
 2/20 [==>...........................] - ETA: 12s - loss: 0.9328 - mse: 0.9328 - mae: 0.7681
 3/20 [===>..........................] - ETA: 11s - loss: 0.9019 - mse: 0.9019 - mae: 0.7553
 4/20 [=====>........................] - ETA: 10s - loss: 0.9236 - mse: 0.9236 - mae: 0.7643
 5/20 [======>.......................] - ETA: 10s - loss: 0.9381 - mse: 0.9381 - mae: 0.7703
 6/20 [========>.....................] - ETA: 9s - loss: 0.9278 - mse: 0.9278 - mae: 0.7661 
 7/20 [=========>....................] - ETA: 8s - loss: 0.9266 - mse: 0.9266 - mae: 0.7657
 8/20 [===========>..................] - ETA: 7s - loss: 0.9187 - mse: 0.9187 - mae: 0.7608
 9/20 [============>.................] - ETA: 7s - loss: 0.9084 - mse: 0.9084 - mae: 0.7563
10/20 [==============>...............] - ETA: 6s - loss: 0.9006 - mse: 0.9006 - mae: 0.7532
11/20 [===============>..............] - ETA: 5s - loss: 0.9035 - mse: 0.9035 - mae: 0.7546
12/20 [=================>............] - ETA: 5s - loss: 0.9028 - mse: 0.9028 - mae: 0.7545
13/20 [==================>...........] - ETA: 4s - loss: 0.8986 - mse: 0.8986 - mae: 0.7528
14/20 [====================>.........] - ETA: 3s - loss: 0.9022 - mse: 0.9022 - mae: 0.7545
15/20 [=====================>........] - ETA: 3s - loss: 0.8977 - mse: 0.8977 - mae: 0.7526
16/20 [=======================>......] - ETA: 2s - loss: 0.8945 - mse: 0.8945 - mae: 0.7513
17/20 [========================>.....] - ETA: 1s - loss: 0.8957 - mse: 0.8957 - mae: 0.7519
18/20 [==========================>...] - ETA: 1s - loss: 0.8957 - mse: 0.8957 - mae: 0.7519
19/20 [===========================>..] - ETA: 0s - loss: 0.8975 - mse: 0.8975 - mae: 0.7527
20/20 [==============================] - ETA: 0s - loss: 0.8948 - mse: 0.8948 - mae: 0.7516
20/20 [==============================] - 16s 792ms/step - loss: 0.8948 - mse: 0.8948 - mae: 0.7516 - val_loss: 0.9369 - val_mse: 0.9369 - val_mae: 0.7702 - lr: 4.0000e-04
Epoch 10/20

 1/20 [>.............................] - ETA: 12s - loss: 1.0035 - mse: 1.0035 - mae: 0.7966
 2/20 [==>...........................] - ETA: 11s - loss: 0.9700 - mse: 0.9700 - mae: 0.7835
 3/20 [===>..........................] - ETA: 11s - loss: 0.9596 - mse: 0.9596 - mae: 0.7792
 4/20 [=====>........................] - ETA: 10s - loss: 0.9451 - mse: 0.9451 - mae: 0.7733
 5/20 [======>.......................] - ETA: 9s - loss: 0.9508 - mse: 0.9508 - mae: 0.7757 
 6/20 [========>.....................] - ETA: 9s - loss: 0.9462 - mse: 0.9462 - mae: 0.7736
 7/20 [=========>....................] - ETA: 8s - loss: 0.9485 - mse: 0.9485 - mae: 0.7722
 8/20 [===========>..................] - ETA: 7s - loss: 0.9505 - mse: 0.9505 - mae: 0.7732
 9/20 [============>.................] - ETA: 6s - loss: 0.9460 - mse: 0.9460 - mae: 0.7717
10/20 [==============>...............] - ETA: 6s - loss: 0.9368 - mse: 0.9368 - mae: 0.7681
11/20 [===============>..............] - ETA: 5s - loss: 0.9363 - mse: 0.9363 - mae: 0.7682
12/20 [=================>............] - ETA: 5s - loss: 0.9293 - mse: 0.9293 - mae: 0.7655
13/20 [==================>...........] - ETA: 4s - loss: 0.9300 - mse: 0.9300 - mae: 0.7659
14/20 [====================>.........] - ETA: 3s - loss: 0.9265 - mse: 0.9265 - mae: 0.7646
15/20 [=====================>........] - ETA: 3s - loss: 0.9237 - mse: 0.9237 - mae: 0.7635
16/20 [=======================>......] - ETA: 2s - loss: 0.9291 - mse: 0.9291 - mae: 0.7653
17/20 [========================>.....] - ETA: 1s - loss: 0.9269 - mse: 0.9269 - mae: 0.7645
18/20 [==========================>...] - ETA: 1s - loss: 0.9278 - mse: 0.9278 - mae: 0.7650
19/20 [===========================>..] - ETA: 0s - loss: 0.9248 - mse: 0.9248 - mae: 0.7638
20/20 [==============================] - ETA: 0s - loss: 0.9272 - mse: 0.9272 - mae: 0.7648
20/20 [==============================] - 15s 760ms/step - loss: 0.9272 - mse: 0.9272 - mae: 0.7648 - val_loss: 0.9363 - val_mse: 0.9363 - val_mae: 0.7699 - lr: 4.0000e-04
Epoch 11/20

 1/20 [>.............................] - ETA: 12s - loss: 0.8452 - mse: 0.8452 - mae: 0.7320
 2/20 [==>...........................] - ETA: 11s - loss: 0.8790 - mse: 0.8790 - mae: 0.7465
 3/20 [===>..........................] - ETA: 10s - loss: 0.8960 - mse: 0.8960 - mae: 0.7534
 4/20 [=====>........................] - ETA: 10s - loss: 0.8775 - mse: 0.8775 - mae: 0.7455
 5/20 [======>.......................] - ETA: 9s - loss: 0.8686 - mse: 0.8686 - mae: 0.7416 
 6/20 [========>.....................] - ETA: 9s - loss: 0.8727 - mse: 0.8727 - mae: 0.7435
 7/20 [=========>....................] - ETA: 8s - loss: 0.8711 - mse: 0.8711 - mae: 0.7428
 8/20 [===========>..................] - ETA: 7s - loss: 0.8682 - mse: 0.8682 - mae: 0.7416
 9/20 [============>.................] - ETA: 7s - loss: 0.8682 - mse: 0.8682 - mae: 0.7417
10/20 [==============>...............] - ETA: 6s - loss: 0.8699 - mse: 0.8699 - mae: 0.7424
11/20 [===============>..............] - ETA: 5s - loss: 0.8770 - mse: 0.8770 - mae: 0.7454
12/20 [=================>............] - ETA: 5s - loss: 0.8802 - mse: 0.8802 - mae: 0.7467
13/20 [==================>...........] - ETA: 4s - loss: 0.8797 - mse: 0.8797 - mae: 0.7465
14/20 [====================>.........] - ETA: 3s - loss: 0.8849 - mse: 0.8849 - mae: 0.7487
15/20 [=====================>........] - ETA: 3s - loss: 0.8875 - mse: 0.8875 - mae: 0.7498
16/20 [=======================>......] - ETA: 2s - loss: 0.8887 - mse: 0.8887 - mae: 0.7503
17/20 [========================>.....] - ETA: 1s - loss: 0.8891 - mse: 0.8891 - mae: 0.7504
18/20 [==========================>...] - ETA: 1s - loss: 0.8937 - mse: 0.8937 - mae: 0.7523
19/20 [===========================>..] - ETA: 0s - loss: 0.8922 - mse: 0.8922 - mae: 0.7517
20/20 [==============================] - ETA: 0s - loss: 0.8941 - mse: 0.8941 - mae: 0.7524
20/20 [==============================] - 15s 761ms/step - loss: 0.8941 - mse: 0.8941 - mae: 0.7524 - val_loss: 0.9327 - val_mse: 0.9327 - val_mae: 0.7685 - lr: 4.0000e-04
Epoch 12/20

 1/20 [>.............................] - ETA: 12s - loss: 0.9301 - mse: 0.9301 - mae: 0.7674
 2/20 [==>...........................] - ETA: 11s - loss: 0.9230 - mse: 0.9230 - mae: 0.7644
 3/20 [===>..........................] - ETA: 10s - loss: 0.8993 - mse: 0.8993 - mae: 0.7543
 4/20 [=====>........................] - ETA: 10s - loss: 0.8933 - mse: 0.8933 - mae: 0.7519
 5/20 [======>.......................] - ETA: 9s - loss: 0.9123 - mse: 0.9123 - mae: 0.7598 
 6/20 [========>.....................] - ETA: 8s - loss: 0.9176 - mse: 0.9176 - mae: 0.7621
 7/20 [=========>....................] - ETA: 8s - loss: 0.9105 - mse: 0.9105 - mae: 0.7593
 8/20 [===========>..................] - ETA: 7s - loss: 0.9064 - mse: 0.9064 - mae: 0.7577
 9/20 [============>.................] - ETA: 7s - loss: 0.9048 - mse: 0.9048 - mae: 0.7570
10/20 [==============>...............] - ETA: 6s - loss: 0.8995 - mse: 0.8995 - mae: 0.7548
11/20 [===============>..............] - ETA: 5s - loss: 0.8900 - mse: 0.8900 - mae: 0.7507
12/20 [=================>............] - ETA: 5s - loss: 0.8873 - mse: 0.8873 - mae: 0.7494
13/20 [==================>...........] - ETA: 4s - loss: 0.8854 - mse: 0.8854 - mae: 0.7487
14/20 [====================>.........] - ETA: 3s - loss: 0.8898 - mse: 0.8898 - mae: 0.7505
15/20 [=====================>........] - ETA: 3s - loss: 0.8915 - mse: 0.8915 - mae: 0.7512
16/20 [=======================>......] - ETA: 2s - loss: 0.8896 - mse: 0.8896 - mae: 0.7504
17/20 [========================>.....] - ETA: 1s - loss: 0.8875 - mse: 0.8875 - mae: 0.7496
18/20 [==========================>...] - ETA: 1s - loss: 0.8909 - mse: 0.8909 - mae: 0.7509
19/20 [===========================>..] - ETA: 0s - loss: 0.8884 - mse: 0.8884 - mae: 0.7497
20/20 [==============================] - ETA: 0s - loss: 0.8861 - mse: 0.8861 - mae: 0.7488
20/20 [==============================] - 15s 768ms/step - loss: 0.8861 - mse: 0.8861 - mae: 0.7488 - val_loss: 0.9303 - val_mse: 0.9303 - val_mae: 0.7674 - lr: 4.0000e-04
Epoch 13/20

 1/20 [>.............................] - ETA: 12s - loss: 0.8685 - mse: 0.8685 - mae: 0.7427
 2/20 [==>...........................] - ETA: 11s - loss: 0.8915 - mse: 0.8915 - mae: 0.7511
 3/20 [===>..........................] - ETA: 11s - loss: 0.8565 - mse: 0.8565 - mae: 0.7324
 4/20 [=====>........................] - ETA: 10s - loss: 0.8606 - mse: 0.8606 - mae: 0.7349
 5/20 [======>.......................] - ETA: 9s - loss: 0.8620 - mse: 0.8620 - mae: 0.7361 
 6/20 [========>.....................] - ETA: 9s - loss: 0.8628 - mse: 0.8628 - mae: 0.7370
 7/20 [=========>....................] - ETA: 8s - loss: 0.8639 - mse: 0.8639 - mae: 0.7378
 8/20 [===========>..................] - ETA: 7s - loss: 0.8626 - mse: 0.8626 - mae: 0.7375
 9/20 [============>.................] - ETA: 7s - loss: 0.8610 - mse: 0.8610 - mae: 0.7370
10/20 [==============>...............] - ETA: 6s - loss: 0.8637 - mse: 0.8637 - mae: 0.7383
11/20 [===============>..............] - ETA: 5s - loss: 0.8708 - mse: 0.8708 - mae: 0.7413
12/20 [=================>............] - ETA: 5s - loss: 0.8717 - mse: 0.8717 - mae: 0.7418
13/20 [==================>...........] - ETA: 4s - loss: 0.8779 - mse: 0.8779 - mae: 0.7444
14/20 [====================>.........] - ETA: 3s - loss: 0.8777 - mse: 0.8777 - mae: 0.7444
15/20 [=====================>........] - ETA: 3s - loss: 0.8819 - mse: 0.8819 - mae: 0.7463
16/20 [=======================>......] - ETA: 2s - loss: 0.8811 - mse: 0.8811 - mae: 0.7460
17/20 [========================>.....] - ETA: 1s - loss: 0.8879 - mse: 0.8879 - mae: 0.7483
18/20 [==========================>...] - ETA: 1s - loss: 0.8965 - mse: 0.8965 - mae: 0.7513
19/20 [===========================>..] - ETA: 0s - loss: 0.8996 - mse: 0.8996 - mae: 0.7526
20/20 [==============================] - ETA: 0s - loss: 0.8961 - mse: 0.8961 - mae: 0.7512
20/20 [==============================] - 15s 773ms/step - loss: 0.8961 - mse: 0.8961 - mae: 0.7512 - val_loss: 0.9302 - val_mse: 0.9302 - val_mae: 0.7673 - lr: 4.0000e-04
Epoch 14/20

 1/20 [>.............................] - ETA: 12s - loss: 0.8866 - mse: 0.8866 - mae: 0.7496
 2/20 [==>...........................] - ETA: 11s - loss: 0.8492 - mse: 0.8492 - mae: 0.7333
 3/20 [===>..........................] - ETA: 11s - loss: 0.8665 - mse: 0.8665 - mae: 0.7406
 4/20 [=====>........................] - ETA: 10s - loss: 0.8781 - mse: 0.8781 - mae: 0.7456
 5/20 [======>.......................] - ETA: 9s - loss: 0.8696 - mse: 0.8696 - mae: 0.7421 
 6/20 [========>.....................] - ETA: 9s - loss: 0.8619 - mse: 0.8619 - mae: 0.7387
 7/20 [=========>....................] - ETA: 8s - loss: 0.8539 - mse: 0.8539 - mae: 0.7353
 8/20 [===========>..................] - ETA: 7s - loss: 0.8713 - mse: 0.8713 - mae: 0.7426
 9/20 [============>.................] - ETA: 7s - loss: 0.8709 - mse: 0.8709 - mae: 0.7425
10/20 [==============>...............] - ETA: 6s - loss: 0.8768 - mse: 0.8768 - mae: 0.7450
11/20 [===============>..............] - ETA: 5s - loss: 0.8784 - mse: 0.8784 - mae: 0.7458
12/20 [=================>............] - ETA: 5s - loss: 0.8692 - mse: 0.8692 - mae: 0.7409
13/20 [==================>...........] - ETA: 4s - loss: 0.8795 - mse: 0.8795 - mae: 0.7453
14/20 [====================>.........] - ETA: 3s - loss: 0.8778 - mse: 0.8778 - mae: 0.7446
15/20 [=====================>........] - ETA: 3s - loss: 0.8765 - mse: 0.8765 - mae: 0.7440
16/20 [=======================>......] - ETA: 2s - loss: 0.8778 - mse: 0.8778 - mae: 0.7446
17/20 [========================>.....] - ETA: 1s - loss: 0.8828 - mse: 0.8828 - mae: 0.7467
18/20 [==========================>...] - ETA: 1s - loss: 0.8887 - mse: 0.8887 - mae: 0.7492
19/20 [===========================>..] - ETA: 0s - loss: 0.8895 - mse: 0.8895 - mae: 0.7496
20/20 [==============================] - ETA: 0s - loss: 0.8886 - mse: 0.8886 - mae: 0.7493
20/20 [==============================] - 15s 770ms/step - loss: 0.8886 - mse: 0.8886 - mae: 0.7493 - val_loss: 0.9297 - val_mse: 0.9297 - val_mae: 0.7673 - lr: 4.0000e-04
Epoch 15/20

 1/20 [>.............................] - ETA: 11s - loss: 0.9203 - mse: 0.9203 - mae: 0.7638
 2/20 [==>...........................] - ETA: 11s - loss: 0.9237 - mse: 0.9237 - mae: 0.7651
 3/20 [===>..........................] - ETA: 10s - loss: 0.9021 - mse: 0.9021 - mae: 0.7556
 4/20 [=====>........................] - ETA: 10s - loss: 0.9003 - mse: 0.9003 - mae: 0.7547
 5/20 [======>.......................] - ETA: 9s - loss: 0.8913 - mse: 0.8913 - mae: 0.7510 
 6/20 [========>.....................] - ETA: 8s - loss: 0.8927 - mse: 0.8927 - mae: 0.7517
 7/20 [=========>....................] - ETA: 8s - loss: 0.8865 - mse: 0.8865 - mae: 0.7492
 8/20 [===========>..................] - ETA: 7s - loss: 0.8843 - mse: 0.8843 - mae: 0.7478
 9/20 [============>.................] - ETA: 7s - loss: 0.8884 - mse: 0.8884 - mae: 0.7496
10/20 [==============>...............] - ETA: 6s - loss: 0.8905 - mse: 0.8905 - mae: 0.7505
11/20 [===============>..............] - ETA: 5s - loss: 0.8873 - mse: 0.8873 - mae: 0.7492
12/20 [=================>............] - ETA: 5s - loss: 0.8852 - mse: 0.8852 - mae: 0.7484
13/20 [==================>...........] - ETA: 4s - loss: 0.8857 - mse: 0.8857 - mae: 0.7486
14/20 [====================>.........] - ETA: 3s - loss: 0.8877 - mse: 0.8877 - mae: 0.7494
15/20 [=====================>........] - ETA: 3s - loss: 0.8861 - mse: 0.8861 - mae: 0.7488
16/20 [=======================>......] - ETA: 2s - loss: 0.8869 - mse: 0.8869 - mae: 0.7492
17/20 [========================>.....] - ETA: 1s - loss: 0.8853 - mse: 0.8853 - mae: 0.7486
18/20 [==========================>...] - ETA: 1s - loss: 0.8830 - mse: 0.8830 - mae: 0.7475
19/20 [===========================>..] - ETA: 0s - loss: 0.8846 - mse: 0.8846 - mae: 0.7483
20/20 [==============================] - ETA: 0s - loss: 0.8856 - mse: 0.8856 - mae: 0.7487
20/20 [==============================] - 15s 763ms/step - loss: 0.8856 - mse: 0.8856 - mae: 0.7487 - val_loss: 0.9286 - val_mse: 0.9286 - val_mae: 0.7668 - lr: 4.0000e-04
Epoch 16/20

 1/20 [>.............................] - ETA: 12s - loss: 0.8735 - mse: 0.8735 - mae: 0.7437
 2/20 [==>...........................] - ETA: 11s - loss: 0.8602 - mse: 0.8602 - mae: 0.7371
 3/20 [===>..........................] - ETA: 10s - loss: 0.8983 - mse: 0.8983 - mae: 0.7534
 4/20 [=====>........................] - ETA: 10s - loss: 0.9086 - mse: 0.9086 - mae: 0.7579
 5/20 [======>.......................] - ETA: 9s - loss: 0.9199 - mse: 0.9199 - mae: 0.7627 
 6/20 [========>.....................] - ETA: 9s - loss: 0.9122 - mse: 0.9122 - mae: 0.7595
 7/20 [=========>....................] - ETA: 8s - loss: 0.9071 - mse: 0.9071 - mae: 0.7574
 8/20 [===========>..................] - ETA: 7s - loss: 0.9090 - mse: 0.9090 - mae: 0.7583
 9/20 [============>.................] - ETA: 7s - loss: 0.9147 - mse: 0.9147 - mae: 0.7607
10/20 [==============>...............] - ETA: 6s - loss: 0.9233 - mse: 0.9233 - mae: 0.7642
11/20 [===============>..............] - ETA: 5s - loss: 0.9212 - mse: 0.9212 - mae: 0.7634
12/20 [=================>............] - ETA: 5s - loss: 0.9157 - mse: 0.9157 - mae: 0.7611
13/20 [==================>...........] - ETA: 4s - loss: 0.9163 - mse: 0.9163 - mae: 0.7614
14/20 [====================>.........] - ETA: 3s - loss: 0.9115 - mse: 0.9115 - mae: 0.7595
15/20 [=====================>........] - ETA: 3s - loss: 0.9091 - mse: 0.9091 - mae: 0.7584
16/20 [=======================>......] - ETA: 2s - loss: 0.9034 - mse: 0.9034 - mae: 0.7561
17/20 [========================>.....] - ETA: 1s - loss: 0.9028 - mse: 0.9028 - mae: 0.7558
18/20 [==========================>...] - ETA: 1s - loss: 0.9017 - mse: 0.9017 - mae: 0.7554
19/20 [===========================>..] - ETA: 0s - loss: 0.8988 - mse: 0.8988 - mae: 0.7543
20/20 [==============================] - ETA: 0s - loss: 0.8963 - mse: 0.8963 - mae: 0.7532
20/20 [==============================] - 15s 764ms/step - loss: 0.8963 - mse: 0.8963 - mae: 0.7532 - val_loss: 0.9263 - val_mse: 0.9263 - val_mae: 0.7658 - lr: 4.0000e-04
Epoch 17/20

 1/20 [>.............................] - ETA: 12s - loss: 0.8791 - mse: 0.8791 - mae: 0.7449
 2/20 [==>...........................] - ETA: 11s - loss: 0.8728 - mse: 0.8728 - mae: 0.7430
 3/20 [===>..........................] - ETA: 10s - loss: 0.9024 - mse: 0.9024 - mae: 0.7554
 4/20 [=====>........................] - ETA: 10s - loss: 0.9038 - mse: 0.9038 - mae: 0.7559
 5/20 [======>.......................] - ETA: 9s - loss: 0.8881 - mse: 0.8881 - mae: 0.7494 
 6/20 [========>.....................] - ETA: 8s - loss: 0.8796 - mse: 0.8796 - mae: 0.7459
 7/20 [=========>....................] - ETA: 8s - loss: 0.8770 - mse: 0.8770 - mae: 0.7449
 8/20 [===========>..................] - ETA: 7s - loss: 0.8734 - mse: 0.8734 - mae: 0.7436
 9/20 [============>.................] - ETA: 7s - loss: 0.8777 - mse: 0.8777 - mae: 0.7454
10/20 [==============>...............] - ETA: 6s - loss: 0.8779 - mse: 0.8779 - mae: 0.7456
11/20 [===============>..............] - ETA: 5s - loss: 0.8811 - mse: 0.8811 - mae: 0.7470
12/20 [=================>............] - ETA: 5s - loss: 0.8866 - mse: 0.8866 - mae: 0.7493
13/20 [==================>...........] - ETA: 4s - loss: 0.8815 - mse: 0.8815 - mae: 0.7470
14/20 [====================>.........] - ETA: 3s - loss: 0.8796 - mse: 0.8796 - mae: 0.7463
15/20 [=====================>........] - ETA: 3s - loss: 0.8770 - mse: 0.8770 - mae: 0.7452
16/20 [=======================>......] - ETA: 2s - loss: 0.8770 - mse: 0.8770 - mae: 0.7451
17/20 [========================>.....] - ETA: 1s - loss: 0.8771 - mse: 0.8771 - mae: 0.7451
18/20 [==========================>...] - ETA: 1s - loss: 0.8792 - mse: 0.8792 - mae: 0.7461
19/20 [===========================>..] - ETA: 0s - loss: 0.8817 - mse: 0.8817 - mae: 0.7471
20/20 [==============================] - ETA: 0s - loss: 0.8842 - mse: 0.8842 - mae: 0.7482
20/20 [==============================] - 16s 785ms/step - loss: 0.8842 - mse: 0.8842 - mae: 0.7482 - val_loss: 0.9264 - val_mse: 0.9264 - val_mae: 0.7658 - lr: 4.0000e-04
Epoch 18/20

 1/20 [>.............................] - ETA: 12s - loss: 0.9619 - mse: 0.9619 - mae: 0.7800
 2/20 [==>...........................] - ETA: 12s - loss: 0.9091 - mse: 0.9091 - mae: 0.7582
 3/20 [===>..........................] - ETA: 11s - loss: 0.8837 - mse: 0.8837 - mae: 0.7469
 4/20 [=====>........................] - ETA: 10s - loss: 0.8734 - mse: 0.8734 - mae: 0.7427
 5/20 [======>.......................] - ETA: 10s - loss: 0.8752 - mse: 0.8752 - mae: 0.7436
 6/20 [========>.....................] - ETA: 9s - loss: 0.8804 - mse: 0.8804 - mae: 0.7459 
 7/20 [=========>....................] - ETA: 8s - loss: 0.8868 - mse: 0.8868 - mae: 0.7488
 8/20 [===========>..................] - ETA: 8s - loss: 0.8867 - mse: 0.8867 - mae: 0.7489
 9/20 [============>.................] - ETA: 7s - loss: 0.8966 - mse: 0.8966 - mae: 0.7530
10/20 [==============>...............] - ETA: 6s - loss: 0.9012 - mse: 0.9012 - mae: 0.7550
11/20 [===============>..............] - ETA: 6s - loss: 0.9009 - mse: 0.9009 - mae: 0.7549
12/20 [=================>............] - ETA: 5s - loss: 0.9033 - mse: 0.9033 - mae: 0.7559
13/20 [==================>...........] - ETA: 4s - loss: 0.8961 - mse: 0.8961 - mae: 0.7528
14/20 [====================>.........] - ETA: 4s - loss: 0.8996 - mse: 0.8996 - mae: 0.7544
15/20 [=====================>........] - ETA: 3s - loss: 0.8948 - mse: 0.8948 - mae: 0.7524
16/20 [=======================>......] - ETA: 2s - loss: 0.8931 - mse: 0.8931 - mae: 0.7517
17/20 [========================>.....] - ETA: 1s - loss: 0.8995 - mse: 0.8995 - mae: 0.7536
18/20 [==========================>...] - ETA: 1s - loss: 0.8944 - mse: 0.8944 - mae: 0.7515
19/20 [===========================>..] - ETA: 0s - loss: 0.8963 - mse: 0.8963 - mae: 0.7523
20/20 [==============================] - ETA: 0s - loss: 0.8959 - mse: 0.8959 - mae: 0.7522
20/20 [==============================] - 16s 787ms/step - loss: 0.8959 - mse: 0.8959 - mae: 0.7522 - val_loss: 0.9271 - val_mse: 0.9271 - val_mae: 0.7662 - lr: 4.0000e-04
Epoch 19/20

 1/20 [>.............................] - ETA: 12s - loss: 0.9204 - mse: 0.9204 - mae: 0.7637
 2/20 [==>...........................] - ETA: 11s - loss: 0.9425 - mse: 0.9425 - mae: 0.7726
 3/20 [===>..........................] - ETA: 10s - loss: 0.9148 - mse: 0.9148 - mae: 0.7610
 4/20 [=====>........................] - ETA: 10s - loss: 0.9023 - mse: 0.9023 - mae: 0.7558
 5/20 [======>.......................] - ETA: 9s - loss: 0.9119 - mse: 0.9119 - mae: 0.7599 
 6/20 [========>.....................] - ETA: 8s - loss: 0.9025 - mse: 0.9025 - mae: 0.7560
 7/20 [=========>....................] - ETA: 8s - loss: 0.8941 - mse: 0.8941 - mae: 0.7523
 8/20 [===========>..................] - ETA: 7s - loss: 0.8943 - mse: 0.8943 - mae: 0.7524
 9/20 [============>.................] - ETA: 7s - loss: 0.8991 - mse: 0.8991 - mae: 0.7544
10/20 [==============>...............] - ETA: 6s - loss: 0.9020 - mse: 0.9020 - mae: 0.7556
11/20 [===============>..............] - ETA: 5s - loss: 0.9075 - mse: 0.9075 - mae: 0.7579
12/20 [=================>............] - ETA: 5s - loss: 0.8969 - mse: 0.8969 - mae: 0.7524
13/20 [==================>...........] - ETA: 4s - loss: 0.8939 - mse: 0.8939 - mae: 0.7513
14/20 [====================>.........] - ETA: 3s - loss: 0.8898 - mse: 0.8898 - mae: 0.7496
15/20 [=====================>........] - ETA: 3s - loss: 0.8909 - mse: 0.8909 - mae: 0.7502
16/20 [=======================>......] - ETA: 2s - loss: 0.8920 - mse: 0.8920 - mae: 0.7507
17/20 [========================>.....] - ETA: 1s - loss: 0.8876 - mse: 0.8876 - mae: 0.7488
18/20 [==========================>...] - ETA: 1s - loss: 0.8867 - mse: 0.8867 - mae: 0.7485
19/20 [===========================>..] - ETA: 0s - loss: 0.8887 - mse: 0.8887 - mae: 0.7494
20/20 [==============================] - ETA: 0s - loss: 0.8922 - mse: 0.8922 - mae: 0.7509
20/20 [==============================] - 15s 764ms/step - loss: 0.8922 - mse: 0.8922 - mae: 0.7509 - val_loss: 0.9269 - val_mse: 0.9269 - val_mae: 0.7661 - lr: 4.0000e-04
Epoch 20/20

 1/20 [>.............................] - ETA: 12s - loss: 0.9112 - mse: 0.9112 - mae: 0.7598
 2/20 [==>...........................] - ETA: 11s - loss: 0.9048 - mse: 0.9048 - mae: 0.7569
 3/20 [===>..........................] - ETA: 10s - loss: 0.9169 - mse: 0.9169 - mae: 0.7618
 4/20 [=====>........................] - ETA: 10s - loss: 0.8957 - mse: 0.8957 - mae: 0.7530
 5/20 [======>.......................] - ETA: 9s - loss: 0.9040 - mse: 0.9040 - mae: 0.7565 
 6/20 [========>.....................] - ETA: 8s - loss: 0.8979 - mse: 0.8979 - mae: 0.7539
 7/20 [=========>....................] - ETA: 8s - loss: 0.8904 - mse: 0.8904 - mae: 0.7507
 8/20 [===========>..................] - ETA: 7s - loss: 0.8825 - mse: 0.8825 - mae: 0.7474
 9/20 [============>.................] - ETA: 7s - loss: 0.8846 - mse: 0.8846 - mae: 0.7483
10/20 [==============>...............] - ETA: 6s - loss: 0.8952 - mse: 0.8952 - mae: 0.7526
11/20 [===============>..............] - ETA: 5s - loss: 0.9010 - mse: 0.9010 - mae: 0.7544
12/20 [=================>............] - ETA: 5s - loss: 0.8963 - mse: 0.8963 - mae: 0.7522
13/20 [==================>...........] - ETA: 4s - loss: 0.8967 - mse: 0.8967 - mae: 0.7525
14/20 [====================>.........] - ETA: 3s - loss: 0.9002 - mse: 0.9002 - mae: 0.7540
15/20 [=====================>........] - ETA: 3s - loss: 0.8973 - mse: 0.8973 - mae: 0.7529
16/20 [=======================>......] - ETA: 2s - loss: 0.8935 - mse: 0.8935 - mae: 0.7513
17/20 [========================>.....] - ETA: 1s - loss: 0.8936 - mse: 0.8936 - mae: 0.7515
18/20 [==========================>...] - ETA: 1s - loss: 0.8961 - mse: 0.8961 - mae: 0.7526
19/20 [===========================>..] - ETA: 0s - loss: 0.8917 - mse: 0.8917 - mae: 0.7507
20/20 [==============================] - ETA: 0s - loss: 0.8900 - mse: 0.8900 - mae: 0.7500
20/20 [==============================] - 15s 772ms/step - loss: 0.8900 - mse: 0.8900 - mae: 0.7500 - val_loss: 0.9240 - val_mse: 0.9240 - val_mae: 0.7648 - lr: 4.0000e-04

Loading network weights from 'weights_best.h5'.
[cryocare] held-out crop 0 complete
[cryocare] held-out crop 1 complete
[cryocare] held-out crop 2 complete
[cryocare] held-out crop 3 complete
[cryocare] held-out crop 4 complete
[cryocare] held-out crop 5 complete
OFFICIAL CRYOCARE TRAINING AND HELD-OUT INFERENCE COMPLETE
